// Jest Snapshot v1, https://goo.gl/fbAQLP

exports[`Footer component Footer snapshot 1`] = `
Object {
  "asFragment": [Function],
  "baseElement": <body>
    <div>
      <footer
        class="footer"
        id="footer"
        role="contentinfo"
      >
        <div
          class="inner inner"
        >
          <a
            class="author inline-link inline-link--white"
            href="https://github.com/davidaganov/davidaganov.github.io"
            rel="noreferrer"
            target="_blank"
          >
            Developed & Designed
             
            <br />
            by David Aganov
          </a>
          <ul
            class="social social"
          >
            <li
              class="item"
            >
              <a
                aria-label="Go to Github profile"
                class="link"
                href="https://github.com/davidaganov"
                rel="noreferrer"
                target="_blank"
              >
                <svg>
                  github.svg
                </svg>
              </a>
            </li>
            <li
              class="item"
            >
              <a
                aria-label="Go to Linkedin profile"
                class="link"
                href="https://www.linkedin.com/in/david-aganov/"
                rel="noreferrer"
                target="_blank"
              >
                <svg>
                  linkedin.svg
                </svg>
              </a>
            </li>
          </ul>
          <a
            class="inline-link inline-link--white"
            href="mailto:davidaganov21@gmail.com"
          >
            davidaganov21@gmail.com
          </a>
        </div>
      </footer>
    </div>
  </body>,
  "container": <div>
    <footer
      class="footer"
      id="footer"
      role="contentinfo"
    >
      <div
        class="inner inner"
      >
        <a
          class="author inline-link inline-link--white"
          href="https://github.com/davidaganov/davidaganov.github.io"
          rel="noreferrer"
          target="_blank"
        >
          Developed & Designed
           
          <br />
          by David Aganov
        </a>
        <ul
          class="social social"
        >
          <li
            class="item"
          >
            <a
              aria-label="Go to Github profile"
              class="link"
              href="https://github.com/davidaganov"
              rel="noreferrer"
              target="_blank"
            >
              <svg>
                github.svg
              </svg>
            </a>
          </li>
          <li
            class="item"
          >
            <a
              aria-label="Go to Linkedin profile"
              class="link"
              href="https://www.linkedin.com/in/david-aganov/"
              rel="noreferrer"
              target="_blank"
            >
              <svg>
                linkedin.svg
              </svg>
            </a>
          </li>
        </ul>
        <a
          class="inline-link inline-link--white"
          href="mailto:davidaganov21@gmail.com"
        >
          davidaganov21@gmail.com
        </a>
      </div>
    </footer>
  </div>,
  "debug": [Function],
  "findAllByAltText": [Function],
  "findAllByDisplayValue": [Function],
  "findAllByLabelText": [Function],
  "findAllByPlaceholderText": [Function],
  "findAllByRole": [Function],
  "findAllByTestId": [Function],
  "findAllByText": [Function],
  "findAllByTitle": [Function],
  "findByAltText": [Function],
  "findByDisplayValue": [Function],
  "findByLabelText": [Function],
  "findByPlaceholderText": [Function],
  "findByRole": [Function],
  "findByTestId": [Function],
  "findByText": [Function],
  "findByTitle": [Function],
  "getAllByAltText": [Function],
  "getAllByDisplayValue": [Function],
  "getAllByLabelText": [Function],
  "getAllByPlaceholderText": [Function],
  "getAllByRole": [Function],
  "getAllByTestId": [Function],
  "getAllByText": [Function],
  "getAllByTitle": [Function],
  "getByAltText": [Function],
  "getByDisplayValue": [Function],
  "getByLabelText": [Function],
  "getByPlaceholderText": [Function],
  "getByRole": [Function],
  "getByTestId": [Function],
  "getByText": [Function],
  "getByTitle": [Function],
  "queryAllByAltText": [Function],
  "queryAllByDisplayValue": [Function],
  "queryAllByLabelText": [Function],
  "queryAllByPlaceholderText": [Function],
  "queryAllByRole": [Function],
  "queryAllByTestId": [Function],
  "queryAllByText": [Function],
  "queryAllByTitle": [Function],
  "queryByAltText": [Function],
  "queryByDisplayValue": [Function],
  "queryByLabelText": [Function],
  "queryByPlaceholderText": [Function],
  "queryByRole": [Function],
  "queryByTestId": [Function],
  "queryByText": [Function],
  "queryByTitle": [Function],
  "rerender": [Function],
  "unmount": [Function],
}
`;
