// Jest Snapshot v1, https://goo.gl/fbAQLP

exports[`Navbar component Navbar snapshot 1`] = `
Object {
  "asFragment": [Function],
  "baseElement": <body
    class=""
  >
    <div>
      <header
        class="header"
      >
        <div
          class="inner inner"
        >
          <button
            aria-expanded="false"
            aria-label="Open navbar"
            class="burger"
            tabindex="0"
            type="button"
          >
            <svg>
              burger.svg
            </svg>
          </button>
          <nav
            class="navbar"
            role="navigation"
          >
            <button
              aria-label="Close navbar"
              class="close"
              tabindex="-1"
              type="button"
            >
              <svg>
                close.svg
              </svg>
            </button>
            <ul
              class="menu"
            >
              <li
                class="item"
              >
                <span>
                  0
                  1
                  .
                </span>
                <a
                  class="link inline-link inline-link--white"
                  href="#test"
                >
                  Test
                </a>
              </li>
              <li
                class="item"
              >
                <span>
                  0
                  2
                  .
                </span>
                <a
                  class="link inline-link inline-link--white"
                  href="#link"
                >
                  Link
                </a>
              </li>
            </ul>
            <div
              class="switcher"
              role="listbox"
            >
              <span
                class="visually-hidden"
                id="selectLang"
              >
                Select language
              </span>
              <button
                aria-label="English"
                aria-labelledby="selectLang lang-en"
                aria-selected="true"
                class="btn btnActive"
                id="lang-en"
                role="option"
                type="button"
              >
                en
              </button>
              <button
                aria-label="Russian"
                aria-labelledby="selectLang lang-ru"
                aria-selected="false"
                class="btn"
                id="lang-ru"
                role="option"
                type="button"
              >
                ru
              </button>
            </div>
          </nav>
          <button
            aria-hidden="true"
            class="backdrop"
            tabindex="-1"
            type="button"
          />
        </div>
      </header>
    </div>
  </body>,
  "container": <div>
    <header
      class="header"
    >
      <div
        class="inner inner"
      >
        <button
          aria-expanded="false"
          aria-label="Open navbar"
          class="burger"
          tabindex="0"
          type="button"
        >
          <svg>
            burger.svg
          </svg>
        </button>
        <nav
          class="navbar"
          role="navigation"
        >
          <button
            aria-label="Close navbar"
            class="close"
            tabindex="-1"
            type="button"
          >
            <svg>
              close.svg
            </svg>
          </button>
          <ul
            class="menu"
          >
            <li
              class="item"
            >
              <span>
                0
                1
                .
              </span>
              <a
                class="link inline-link inline-link--white"
                href="#test"
              >
                Test
              </a>
            </li>
            <li
              class="item"
            >
              <span>
                0
                2
                .
              </span>
              <a
                class="link inline-link inline-link--white"
                href="#link"
              >
                Link
              </a>
            </li>
          </ul>
          <div
            class="switcher"
            role="listbox"
          >
            <span
              class="visually-hidden"
              id="selectLang"
            >
              Select language
            </span>
            <button
              aria-label="English"
              aria-labelledby="selectLang lang-en"
              aria-selected="true"
              class="btn btnActive"
              id="lang-en"
              role="option"
              type="button"
            >
              en
            </button>
            <button
              aria-label="Russian"
              aria-labelledby="selectLang lang-ru"
              aria-selected="false"
              class="btn"
              id="lang-ru"
              role="option"
              type="button"
            >
              ru
            </button>
          </div>
        </nav>
        <button
          aria-hidden="true"
          class="backdrop"
          tabindex="-1"
          type="button"
        />
      </div>
    </header>
  </div>,
  "debug": [Function],
  "findAllByAltText": [Function],
  "findAllByDisplayValue": [Function],
  "findAllByLabelText": [Function],
  "findAllByPlaceholderText": [Function],
  "findAllByRole": [Function],
  "findAllByTestId": [Function],
  "findAllByText": [Function],
  "findAllByTitle": [Function],
  "findByAltText": [Function],
  "findByDisplayValue": [Function],
  "findByLabelText": [Function],
  "findByPlaceholderText": [Function],
  "findByRole": [Function],
  "findByTestId": [Function],
  "findByText": [Function],
  "findByTitle": [Function],
  "getAllByAltText": [Function],
  "getAllByDisplayValue": [Function],
  "getAllByLabelText": [Function],
  "getAllByPlaceholderText": [Function],
  "getAllByRole": [Function],
  "getAllByTestId": [Function],
  "getAllByText": [Function],
  "getAllByTitle": [Function],
  "getByAltText": [Function],
  "getByDisplayValue": [Function],
  "getByLabelText": [Function],
  "getByPlaceholderText": [Function],
  "getByRole": [Function],
  "getByTestId": [Function],
  "getByText": [Function],
  "getByTitle": [Function],
  "queryAllByAltText": [Function],
  "queryAllByDisplayValue": [Function],
  "queryAllByLabelText": [Function],
  "queryAllByPlaceholderText": [Function],
  "queryAllByRole": [Function],
  "queryAllByTestId": [Function],
  "queryAllByText": [Function],
  "queryAllByTitle": [Function],
  "queryByAltText": [Function],
  "queryByDisplayValue": [Function],
  "queryByLabelText": [Function],
  "queryByPlaceholderText": [Function],
  "queryByRole": [Function],
  "queryByTestId": [Function],
  "queryByText": [Function],
  "queryByTitle": [Function],
  "rerender": [Function],
  "unmount": [Function],
}
`;
