// Jest Snapshot v1, https://goo.gl/fbAQLP

exports[`Skills component Skills snapshot 1`] = `
Object {
  "asFragment": [Function],
  "baseElement": <body>
    <div>
      <section
        class="skills"
        id="skills"
      >
        <div
          class="inner"
        >
          <div
            class="title rtl"
          >
            <a
              aria-label="My Skills"
              href="#skills"
            >
              #
            </a>
            <h2>
              My Skills
               
              <span
                aria-hidden="true"
              >
                0
                2
                .
              </span>
            </h2>
          </div>
          <div
            class="accordion"
          >
            <div
              class="item"
            >
              <span
                aria-controls="content-4"
                aria-disabled="false"
                aria-expanded="false"
                class="item__trigger is-closed"
                id="trigger-4"
                role="button"
                tabindex="0"
              >
                <h3>
                  HTML
                  <svg>
                    html.svg
                  </svg>
                </h3>
              </span>
              <div
                aria-labelledby="trigger-4"
                class="item__contentOuter"
                id="content-4"
                role="region"
                style="height: 0px; transition: height 350ms ease-in-out; overflow: hidden;"
              >
                <div
                  class="item__contentInner"
                >
                  <ul
                    class="list"
                  >
                    <li
                      class="content"
                    >
                      <p
                        class="title"
                      >
                        Template Engine
                      </p>
                      <ul
                        class="listNested"
                      >
                        <li
                          class="listNestedItem"
                        >
                          PUG
                        </li>
                      </ul>
                    </li>
                    <li
                      class="content"
                    >
                      <p
                        class="title"
                      >
                        Other
                      </p>
                      <ul
                        class="listNested"
                      >
                        <li
                          class="listNestedItem"
                        >
                          HTML5
                        </li>
                      </ul>
                    </li>
                  </ul>
                </div>
              </div>
            </div>
            <div
              class="item"
            >
              <span
                aria-controls="content-5"
                aria-disabled="false"
                aria-expanded="false"
                class="item__trigger is-closed"
                id="trigger-5"
                role="button"
                tabindex="0"
              >
                <h3>
                  CSS
                  <svg>
                    css.svg
                  </svg>
                </h3>
              </span>
              <div
                aria-labelledby="trigger-5"
                class="item__contentOuter"
                id="content-5"
                role="region"
                style="height: 0px; transition: height 350ms ease-in-out; overflow: hidden;"
              >
                <div
                  class="item__contentInner"
                >
                  <ul
                    class="list"
                  >
                    <li
                      class="content"
                    >
                      <p
                        class="title"
                      >
                        Preprocessors
                      </p>
                      <ul
                        class="listNested"
                      >
                        <li
                          class="listNestedItem"
                        >
                          SASS/SCSS
                        </li>
                        <li
                          class="listNestedItem"
                        >
                          Less
                        </li>
                      </ul>
                    </li>
                    <li
                      class="content"
                    >
                      <p
                        class="title"
                      >
                        Frameworks
                      </p>
                      <ul
                        class="listNested"
                      >
                        <li
                          class="listNestedItem"
                        >
                          Bootstrap
                        </li>
                        <li
                          class="listNestedItem"
                        >
                          Tailwind
                        </li>
                      </ul>
                    </li>
                    <li
                      class="content"
                    >
                      <p
                        class="title"
                      >
                        Other
                      </p>
                      <ul
                        class="listNested"
                      >
                        <li
                          class="listNestedItem"
                        >
                          CSS3
                        </li>
                      </ul>
                    </li>
                  </ul>
                </div>
              </div>
            </div>
            <div
              class="item"
            >
              <span
                aria-controls="content-6"
                aria-disabled="false"
                aria-expanded="false"
                class="item__trigger is-closed"
                id="trigger-6"
                role="button"
                tabindex="0"
              >
                <h3>
                  JavaScript
                  <svg>
                    js.svg
                  </svg>
                </h3>
              </span>
              <div
                aria-labelledby="trigger-6"
                class="item__contentOuter"
                id="content-6"
                role="region"
                style="height: 0px; transition: height 350ms ease-in-out; overflow: hidden;"
              >
                <div
                  class="item__contentInner"
                >
                  <ul
                    class="list"
                  >
                    <li
                      class="content"
                    >
                      <p
                        class="title"
                      >
                        Frameworks
                      </p>
                      <ul
                        class="listNested"
                      >
                        <li
                          class="listNestedItem"
                        >
                          Nuxt.js
                        </li>
                        <li
                          class="listNestedItem"
                        >
                          Vue.js
                        </li>
                        <li
                          class="listNestedItem"
                        >
                          Next.js
                        </li>
                      </ul>
                    </li>
                    <li
                      class="content"
                    >
                      <p
                        class="title"
                      >
                        Library
                      </p>
                      <ul
                        class="listNested"
                      >
                        <li
                          class="listNestedItem"
                        >
                          React
                        </li>
                        <li
                          class="listNestedItem"
                        >
                          React Native
                        </li>
                        <li
                          class="listNestedItem"
                        >
                          JQuery
                        </li>
                      </ul>
                    </li>
                    <li
                      class="content"
                    >
                      <p
                        class="title"
                      >
                        Other
                      </p>
                      <ul
                        class="listNested"
                      >
                        <li
                          class="listNestedItem"
                        >
                          JavaScript
                        </li>
                        <li
                          class="listNestedItem"
                        >
                          TypeScript
                        </li>
                      </ul>
                    </li>
                  </ul>
                </div>
              </div>
            </div>
            <div
              class="item"
            >
              <span
                aria-controls="content-7"
                aria-disabled="false"
                aria-expanded="false"
                class="item__trigger is-closed"
                id="trigger-7"
                role="button"
                tabindex="0"
              >
                <h3>
                  Other
                  <svg>
                    other.svg
                  </svg>
                </h3>
              </span>
              <div
                aria-labelledby="trigger-7"
                class="item__contentOuter"
                id="content-7"
                role="region"
                style="height: 0px; transition: height 350ms ease-in-out; overflow: hidden;"
              >
                <div
                  class="item__contentInner"
                >
                  <ul
                    class="list"
                  >
                    <li
                      class="content"
                    >
                      <p
                        class="title"
                      >
                        CMS
                      </p>
                      <ul
                        class="listNested"
                      >
                        <li
                          class="listNestedItem"
                        >
                          Wordpress
                        </li>
                      </ul>
                    </li>
                    <li
                      class="content"
                    >
                      <p
                        class="title"
                      >
                        Design
                      </p>
                      <ul
                        class="listNested"
                      >
                        <li
                          class="listNestedItem"
                        >
                          Figma
                        </li>
                        <li
                          class="listNestedItem"
                        >
                          Adobe Photoshop
                        </li>
                      </ul>
                    </li>
                    <li
                      class="content"
                    >
                      <p
                        class="title"
                      >
                        3D
                      </p>
                      <ul
                        class="listNested"
                      >
                        <li
                          class="listNestedItem"
                        >
                          Blender
                        </li>
                        <li
                          class="listNestedItem"
                        >
                          Maya
                        </li>
                      </ul>
                    </li>
                    <li
                      class="content"
                    >
                      <p
                        class="title"
                      >
                        OS
                      </p>
                      <ul
                        class="listNested"
                      >
                        <li
                          class="listNestedItem"
                        >
                          Windows
                        </li>
                        <li
                          class="listNestedItem"
                        >
                          Mac OS
                        </li>
                      </ul>
                    </li>
                  </ul>
                </div>
              </div>
            </div>
          </div>
        </div>
      </section>
    </div>
  </body>,
  "container": <div>
    <section
      class="skills"
      id="skills"
    >
      <div
        class="inner"
      >
        <div
          class="title rtl"
        >
          <a
            aria-label="My Skills"
            href="#skills"
          >
            #
          </a>
          <h2>
            My Skills
             
            <span
              aria-hidden="true"
            >
              0
              2
              .
            </span>
          </h2>
        </div>
        <div
          class="accordion"
        >
          <div
            class="item"
          >
            <span
              aria-controls="content-4"
              aria-disabled="false"
              aria-expanded="false"
              class="item__trigger is-closed"
              id="trigger-4"
              role="button"
              tabindex="0"
            >
              <h3>
                HTML
                <svg>
                  html.svg
                </svg>
              </h3>
            </span>
            <div
              aria-labelledby="trigger-4"
              class="item__contentOuter"
              id="content-4"
              role="region"
              style="height: 0px; transition: height 350ms ease-in-out; overflow: hidden;"
            >
              <div
                class="item__contentInner"
              >
                <ul
                  class="list"
                >
                  <li
                    class="content"
                  >
                    <p
                      class="title"
                    >
                      Template Engine
                    </p>
                    <ul
                      class="listNested"
                    >
                      <li
                        class="listNestedItem"
                      >
                        PUG
                      </li>
                    </ul>
                  </li>
                  <li
                    class="content"
                  >
                    <p
                      class="title"
                    >
                      Other
                    </p>
                    <ul
                      class="listNested"
                    >
                      <li
                        class="listNestedItem"
                      >
                        HTML5
                      </li>
                    </ul>
                  </li>
                </ul>
              </div>
            </div>
          </div>
          <div
            class="item"
          >
            <span
              aria-controls="content-5"
              aria-disabled="false"
              aria-expanded="false"
              class="item__trigger is-closed"
              id="trigger-5"
              role="button"
              tabindex="0"
            >
              <h3>
                CSS
                <svg>
                  css.svg
                </svg>
              </h3>
            </span>
            <div
              aria-labelledby="trigger-5"
              class="item__contentOuter"
              id="content-5"
              role="region"
              style="height: 0px; transition: height 350ms ease-in-out; overflow: hidden;"
            >
              <div
                class="item__contentInner"
              >
                <ul
                  class="list"
                >
                  <li
                    class="content"
                  >
                    <p
                      class="title"
                    >
                      Preprocessors
                    </p>
                    <ul
                      class="listNested"
                    >
                      <li
                        class="listNestedItem"
                      >
                        SASS/SCSS
                      </li>
                      <li
                        class="listNestedItem"
                      >
                        Less
                      </li>
                    </ul>
                  </li>
                  <li
                    class="content"
                  >
                    <p
                      class="title"
                    >
                      Frameworks
                    </p>
                    <ul
                      class="listNested"
                    >
                      <li
                        class="listNestedItem"
                      >
                        Bootstrap
                      </li>
                      <li
                        class="listNestedItem"
                      >
                        Tailwind
                      </li>
                    </ul>
                  </li>
                  <li
                    class="content"
                  >
                    <p
                      class="title"
                    >
                      Other
                    </p>
                    <ul
                      class="listNested"
                    >
                      <li
                        class="listNestedItem"
                      >
                        CSS3
                      </li>
                    </ul>
                  </li>
                </ul>
              </div>
            </div>
          </div>
          <div
            class="item"
          >
            <span
              aria-controls="content-6"
              aria-disabled="false"
              aria-expanded="false"
              class="item__trigger is-closed"
              id="trigger-6"
              role="button"
              tabindex="0"
            >
              <h3>
                JavaScript
                <svg>
                  js.svg
                </svg>
              </h3>
            </span>
            <div
              aria-labelledby="trigger-6"
              class="item__contentOuter"
              id="content-6"
              role="region"
              style="height: 0px; transition: height 350ms ease-in-out; overflow: hidden;"
            >
              <div
                class="item__contentInner"
              >
                <ul
                  class="list"
                >
                  <li
                    class="content"
                  >
                    <p
                      class="title"
                    >
                      Frameworks
                    </p>
                    <ul
                      class="listNested"
                    >
                      <li
                        class="listNestedItem"
                      >
                        Nuxt.js
                      </li>
                      <li
                        class="listNestedItem"
                      >
                        Vue.js
                      </li>
                      <li
                        class="listNestedItem"
                      >
                        Next.js
                      </li>
                    </ul>
                  </li>
                  <li
                    class="content"
                  >
                    <p
                      class="title"
                    >
                      Library
                    </p>
                    <ul
                      class="listNested"
                    >
                      <li
                        class="listNestedItem"
                      >
                        React
                      </li>
                      <li
                        class="listNestedItem"
                      >
                        React Native
                      </li>
                      <li
                        class="listNestedItem"
                      >
                        JQuery
                      </li>
                    </ul>
                  </li>
                  <li
                    class="content"
                  >
                    <p
                      class="title"
                    >
                      Other
                    </p>
                    <ul
                      class="listNested"
                    >
                      <li
                        class="listNestedItem"
                      >
                        JavaScript
                      </li>
                      <li
                        class="listNestedItem"
                      >
                        TypeScript
                      </li>
                    </ul>
                  </li>
                </ul>
              </div>
            </div>
          </div>
          <div
            class="item"
          >
            <span
              aria-controls="content-7"
              aria-disabled="false"
              aria-expanded="false"
              class="item__trigger is-closed"
              id="trigger-7"
              role="button"
              tabindex="0"
            >
              <h3>
                Other
                <svg>
                  other.svg
                </svg>
              </h3>
            </span>
            <div
              aria-labelledby="trigger-7"
              class="item__contentOuter"
              id="content-7"
              role="region"
              style="height: 0px; transition: height 350ms ease-in-out; overflow: hidden;"
            >
              <div
                class="item__contentInner"
              >
                <ul
                  class="list"
                >
                  <li
                    class="content"
                  >
                    <p
                      class="title"
                    >
                      CMS
                    </p>
                    <ul
                      class="listNested"
                    >
                      <li
                        class="listNestedItem"
                      >
                        Wordpress
                      </li>
                    </ul>
                  </li>
                  <li
                    class="content"
                  >
                    <p
                      class="title"
                    >
                      Design
                    </p>
                    <ul
                      class="listNested"
                    >
                      <li
                        class="listNestedItem"
                      >
                        Figma
                      </li>
                      <li
                        class="listNestedItem"
                      >
                        Adobe Photoshop
                      </li>
                    </ul>
                  </li>
                  <li
                    class="content"
                  >
                    <p
                      class="title"
                    >
                      3D
                    </p>
                    <ul
                      class="listNested"
                    >
                      <li
                        class="listNestedItem"
                      >
                        Blender
                      </li>
                      <li
                        class="listNestedItem"
                      >
                        Maya
                      </li>
                    </ul>
                  </li>
                  <li
                    class="content"
                  >
                    <p
                      class="title"
                    >
                      OS
                    </p>
                    <ul
                      class="listNested"
                    >
                      <li
                        class="listNestedItem"
                      >
                        Windows
                      </li>
                      <li
                        class="listNestedItem"
                      >
                        Mac OS
                      </li>
                    </ul>
                  </li>
                </ul>
              </div>
            </div>
          </div>
        </div>
      </div>
    </section>
  </div>,
  "debug": [Function],
  "findAllByAltText": [Function],
  "findAllByDisplayValue": [Function],
  "findAllByLabelText": [Function],
  "findAllByPlaceholderText": [Function],
  "findAllByRole": [Function],
  "findAllByTestId": [Function],
  "findAllByText": [Function],
  "findAllByTitle": [Function],
  "findByAltText": [Function],
  "findByDisplayValue": [Function],
  "findByLabelText": [Function],
  "findByPlaceholderText": [Function],
  "findByRole": [Function],
  "findByTestId": [Function],
  "findByText": [Function],
  "findByTitle": [Function],
  "getAllByAltText": [Function],
  "getAllByDisplayValue": [Function],
  "getAllByLabelText": [Function],
  "getAllByPlaceholderText": [Function],
  "getAllByRole": [Function],
  "getAllByTestId": [Function],
  "getAllByText": [Function],
  "getAllByTitle": [Function],
  "getByAltText": [Function],
  "getByDisplayValue": [Function],
  "getByLabelText": [Function],
  "getByPlaceholderText": [Function],
  "getByRole": [Function],
  "getByTestId": [Function],
  "getByText": [Function],
  "getByTitle": [Function],
  "queryAllByAltText": [Function],
  "queryAllByDisplayValue": [Function],
  "queryAllByLabelText": [Function],
  "queryAllByPlaceholderText": [Function],
  "queryAllByRole": [Function],
  "queryAllByTestId": [Function],
  "queryAllByText": [Function],
  "queryAllByTitle": [Function],
  "queryByAltText": [Function],
  "queryByDisplayValue": [Function],
  "queryByLabelText": [Function],
  "queryByPlaceholderText": [Function],
  "queryByRole": [Function],
  "queryByTestId": [Function],
  "queryByText": [Function],
  "queryByTitle": [Function],
  "rerender": [Function],
  "unmount": [Function],
}
`;
