// Jest Snapshot v1, https://goo.gl/fbAQLP

exports[`Header component Header snapshot 1`] = `
Object {
  "asFragment": [Function],
  "baseElement": <body>
    <div>
      <header
        class="header"
      >
        <div
          class="inner inner"
        >
          <header
            class="header"
          >
            <div
              class="inner inner"
            >
              <button
                aria-expanded="false"
                aria-label="Open navbar"
                class="burger"
                tabindex="0"
                type="button"
              >
                <svg>
                  burger.svg
                </svg>
              </button>
              <nav
                class="navbar"
                role="navigation"
              >
                <button
                  aria-label="Close navbar"
                  class="close"
                  tabindex="-1"
                  type="button"
                >
                  <svg>
                    close.svg
                  </svg>
                </button>
                <ul
                  class="menu"
                >
                  <li
                    class="item"
                  >
                    <span>
                      0
                      1
                      .
                    </span>
                    <a
                      class="link inline-link inline-link--white"
                      href="#test"
                    >
                      Test
                    </a>
                  </li>
                  <li
                    class="item"
                  >
                    <span>
                      0
                      2
                      .
                    </span>
                    <a
                      class="link inline-link inline-link--white"
                      href="#link"
                    >
                      Link
                    </a>
                  </li>
                </ul>
                <div
                  class="switcher"
                  role="listbox"
                >
                  <span
                    class="visually-hidden"
                    id="selectLang"
                  >
                    Select language
                  </span>
                  <button
                    aria-label="English"
                    aria-labelledby="selectLang lang-en"
                    aria-selected="true"
                    class="btn btnActive"
                    id="lang-en"
                    role="option"
                    type="button"
                  >
                    en
                  </button>
                  <button
                    aria-label="Russian"
                    aria-labelledby="selectLang lang-ru"
                    aria-selected="false"
                    class="btn"
                    id="lang-ru"
                    role="option"
                    type="button"
                  >
                    ru
                  </button>
                </div>
              </nav>
              <button
                aria-hidden="true"
                class="backdrop"
                tabindex="-1"
                type="button"
              />
            </div>
          </header>
          <div
            class="content"
          >
            <div
              class="blob first"
            />
            <div
              class="blob second"
            />
            <div
              class="blob third"
            />
            <p
              class="subtitle"
            >
              Hello, my name is
            </p>
            <h1
              class="title"
            >
              <strong>
                David Aganov
              </strong>
              I build things for the web
            </h1>
            <p
              class="description"
            >
              I’m frontend developer. I like to learn new technologies and try new things in every possible way. At the moment I’m working in mobile games studio 
              <a
                aria-label="The company I work for is SAB Games"
                class="inline-link"
                href="https://www.linkedin.com/company/sabgames/mycompany/"
              >
                <svg
                  class="link-icon"
                  fill="currentColor"
                  viewBox="0 0 24 24"
                  xmlns="http://www.w3.org/2000/svg"
                >
                  <path
                    d="M19 0H5a5 5 0 0 0-5 5v14a5 5 0 0 0 5 5h14a5 5 0 0 0 5-5V5a5 5 0 0 0-5-5zM8 19H5V8h3v11zM6.5 6.73a1.76 1.76 0 0 1 0-3.53c.97 0 1.75.8 1.75 1.77S7.47 6.73 6.5 6.73zM20 19h-3v-5.6c0-3.37-4-3.12-4 0V19h-3V8h3v1.76a3.8 3.8 0 0 1 7 2.48V19z"
                  />
                </svg>
                SAB Games
              </a>
            </p>
            <a
              class="btn btn"
              href="#footer"
            >
              Contact me
            </a>
          </div>
        </div>
      </header>
    </div>
  </body>,
  "container": <div>
    <header
      class="header"
    >
      <div
        class="inner inner"
      >
        <header
          class="header"
        >
          <div
            class="inner inner"
          >
            <button
              aria-expanded="false"
              aria-label="Open navbar"
              class="burger"
              tabindex="0"
              type="button"
            >
              <svg>
                burger.svg
              </svg>
            </button>
            <nav
              class="navbar"
              role="navigation"
            >
              <button
                aria-label="Close navbar"
                class="close"
                tabindex="-1"
                type="button"
              >
                <svg>
                  close.svg
                </svg>
              </button>
              <ul
                class="menu"
              >
                <li
                  class="item"
                >
                  <span>
                    0
                    1
                    .
                  </span>
                  <a
                    class="link inline-link inline-link--white"
                    href="#test"
                  >
                    Test
                  </a>
                </li>
                <li
                  class="item"
                >
                  <span>
                    0
                    2
                    .
                  </span>
                  <a
                    class="link inline-link inline-link--white"
                    href="#link"
                  >
                    Link
                  </a>
                </li>
              </ul>
              <div
                class="switcher"
                role="listbox"
              >
                <span
                  class="visually-hidden"
                  id="selectLang"
                >
                  Select language
                </span>
                <button
                  aria-label="English"
                  aria-labelledby="selectLang lang-en"
                  aria-selected="true"
                  class="btn btnActive"
                  id="lang-en"
                  role="option"
                  type="button"
                >
                  en
                </button>
                <button
                  aria-label="Russian"
                  aria-labelledby="selectLang lang-ru"
                  aria-selected="false"
                  class="btn"
                  id="lang-ru"
                  role="option"
                  type="button"
                >
                  ru
                </button>
              </div>
            </nav>
            <button
              aria-hidden="true"
              class="backdrop"
              tabindex="-1"
              type="button"
            />
          </div>
        </header>
        <div
          class="content"
        >
          <div
            class="blob first"
          />
          <div
            class="blob second"
          />
          <div
            class="blob third"
          />
          <p
            class="subtitle"
          >
            Hello, my name is
          </p>
          <h1
            class="title"
          >
            <strong>
              David Aganov
            </strong>
            I build things for the web
          </h1>
          <p
            class="description"
          >
            I’m frontend developer. I like to learn new technologies and try new things in every possible way. At the moment I’m working in mobile games studio 
            <a
              aria-label="The company I work for is SAB Games"
              class="inline-link"
              href="https://www.linkedin.com/company/sabgames/mycompany/"
            >
              <svg
                class="link-icon"
                fill="currentColor"
                viewBox="0 0 24 24"
                xmlns="http://www.w3.org/2000/svg"
              >
                <path
                  d="M19 0H5a5 5 0 0 0-5 5v14a5 5 0 0 0 5 5h14a5 5 0 0 0 5-5V5a5 5 0 0 0-5-5zM8 19H5V8h3v11zM6.5 6.73a1.76 1.76 0 0 1 0-3.53c.97 0 1.75.8 1.75 1.77S7.47 6.73 6.5 6.73zM20 19h-3v-5.6c0-3.37-4-3.12-4 0V19h-3V8h3v1.76a3.8 3.8 0 0 1 7 2.48V19z"
                />
              </svg>
              SAB Games
            </a>
          </p>
          <a
            class="btn btn"
            href="#footer"
          >
            Contact me
          </a>
        </div>
      </div>
    </header>
  </div>,
  "debug": [Function],
  "findAllByAltText": [Function],
  "findAllByDisplayValue": [Function],
  "findAllByLabelText": [Function],
  "findAllByPlaceholderText": [Function],
  "findAllByRole": [Function],
  "findAllByTestId": [Function],
  "findAllByText": [Function],
  "findAllByTitle": [Function],
  "findByAltText": [Function],
  "findByDisplayValue": [Function],
  "findByLabelText": [Function],
  "findByPlaceholderText": [Function],
  "findByRole": [Function],
  "findByTestId": [Function],
  "findByText": [Function],
  "findByTitle": [Function],
  "getAllByAltText": [Function],
  "getAllByDisplayValue": [Function],
  "getAllByLabelText": [Function],
  "getAllByPlaceholderText": [Function],
  "getAllByRole": [Function],
  "getAllByTestId": [Function],
  "getAllByText": [Function],
  "getAllByTitle": [Function],
  "getByAltText": [Function],
  "getByDisplayValue": [Function],
  "getByLabelText": [Function],
  "getByPlaceholderText": [Function],
  "getByRole": [Function],
  "getByTestId": [Function],
  "getByText": [Function],
  "getByTitle": [Function],
  "queryAllByAltText": [Function],
  "queryAllByDisplayValue": [Function],
  "queryAllByLabelText": [Function],
  "queryAllByPlaceholderText": [Function],
  "queryAllByRole": [Function],
  "queryAllByTestId": [Function],
  "queryAllByText": [Function],
  "queryAllByTitle": [Function],
  "queryByAltText": [Function],
  "queryByDisplayValue": [Function],
  "queryByLabelText": [Function],
  "queryByPlaceholderText": [Function],
  "queryByRole": [Function],
  "queryByTestId": [Function],
  "queryByText": [Function],
  "queryByTitle": [Function],
  "rerender": [Function],
  "unmount": [Function],
}
`;
